// Jest Snapshot v1, https://goo.gl/fbAQLP

exports[`renders a RepoItem using Snapshots 1`] = `
<View
  accessible={true}
  isTVSelectable={true}
  onResponderGrant={[Function]}
  onResponderMove={[Function]}
  onResponderRelease={[Function]}
  onResponderTerminate={[Function]}
  onResponderTerminationRequest={[Function]}
  onStartShouldSetResponder={[Function]}
  style={Object {}}
>
  <View
    style={
      Object {
        "alignItems": "flex-start",
        "backgroundColor": "#fff",
        "flexDirection": "row",
        "justifyContent": "flex-start",
      }
    }
  >
    <Image
      source={
        Object {
          "uri": "https://image.tmdb.org/t/p/w342//5Kg76ldv7VxeX9YlcQXiowHgdX6.jpg",
        }
      }
      style={
        Object {
          "backgroundColor": "#888",
          "height": 138,
          "width": 92,
        }
      }
    />
    <View
      style={
        Object {
          "flex": 1,
          "marginLeft": 8,
        }
      }
    >
      <Text
        style={
          Object {
            "fontSize": 20,
            "fontWeight": "bold",
          }
        }
      >
        Aquaman
      </Text>
      <Text
        style={
          Object {
            "color": "grey",
          }
        }
      >
        2018-12-07
      </Text>
    </View>
  </View>
</View>
`;
